Stack overflow.
[line 18] in foo()
[line 18] in foo()
[line 18] in foo()
[line 18] in foo()
[line 18] in foo()
[line 18] in foo()
[line 18] in foo()
[line 18] in foo()
[line 18] in foo()
[line 18] in foo()
[line 18] in foo()
[line 18] in foo()
[line 18] in foo()
[line 18] in foo()
[line 18] in foo()
[line 18] in foo()
[line 18] in foo()
[line 18] in foo()
[line 18] in foo()
[line 18] in foo()
[line 18] in foo()
[line 18] in foo()
[line 18] in foo()
[line 18] in foo()
[line 18] in foo()
[line 18] in foo()
[line 18] in foo()
[line 18] in foo()
[line 18] in foo()
[line 18] in foo()
[line 18] in foo()
[line 18] in foo()
[line 18] in foo()
[line 18] in foo()
[line 18] in foo()
[line 18] in foo()
[line 18] in foo()
[line 18] in foo()
[line 18] in foo()
[line 18] in foo()
[line 18] in foo()
[line 18] in foo()
[line 18] in foo()
[line 18] in foo()
[line 18] in foo()
[line 18] in foo()
[line 18] in foo()
[line 18] in foo()
[line 18] in foo()
[line 18] in foo()
[line 18] in foo()
[line 18] in foo()
[line 18] in foo()
[line 18] in foo()
[line 18] in foo()
[line 18] in foo()
[line 18] in foo()
[line 18] in foo()
[line 18] in foo()
[line 18] in foo()
[line 18] in foo()
[line 18] in foo()
[line 18] in foo()
[line 21] in script
